

Version:	3.50
CmdLine:	E:\A Kuliah COy\OneDrive - Politeknik Astra\A Semester II 24-25\Struktur Data\Proyek-VisualNovel-24Hours\Visual-Novel-Game\24Hours.exe --l4j-debug
JNI:		No
WOW64:		Yes
Working dir:	E:\A Kuliah COy\OneDrive - Politeknik Astra\A Semester II 24-25\Struktur Data\Proyek-VisualNovel-24Hours\Visual-Novel-Game\.
Requires JDK:	No
Requires 64-Bit: No
Java min ver:	1.008.000
Java max ver:	1.024.000
Substitute:	JAVA_HOME = C:\Program Files\Java\jdk-24
Substitute:	PATH = C:\Program Files (x86)\Razer\ChromaBroadcast\bin;C:\Program Files\Razer\ChromaBroadcast\bin;C:\Program Files (x86)\Common Files\Intel\Shared Files\cpp\bin\Intel64;C:\WINDOWS\system32;C:\WINDOWS;C:\WINDOWS\System32\Wbem;C:\WINDOWS\System32\WindowsPowerShell\v1.0\;C:\WINDOWS\System32\OpenSSH\;C:\Program Files\nodejs\;C:\Program Files\PuTTY\;C:\WINDOWS\system32\config\systemprofile\AppData\Local\Microsoft\WindowsApps;C:\Program Files\Java\jdk-22\bin;C:\Program Files\dotnet\;C:\MinGW\bin;C:\Program Files\Git\cmd;C:\msys64\mingw64\bin;C:\Program Files\Inkscape\bin;C:\Program Files\Oracle\VirtualBox\VBoxManage.exe;C:\Program Files\Microsoft SQL Server\Client SDK\ODBC\170\Tools\Binn\;C:\Program Files (x86)\Microsoft SQL Server\150\Tools\Binn\;C:\Program Files\Microsoft SQL Server\150\Tools\Binn\;C:\Program Files\Microsoft SQL Server\150\DTS\Binn\;C:\Program Files (x86)\Microsoft SQL Server\160\DTS\Binn\;C:\xampp\php;C:\composer;c:\Users\Incognicat\AppData\Local\Programs\cursor\resources\app\bin;C:\Program Files\Tailscale\;C:\WINDOWS\system32;C:\WINDOWS;C:\WINDOWS\System32\Wbem;C:\WINDOWS\System32\WindowsPowerShell\v1.0\;C:\WINDOWS\System32\OpenSSH\;C:\Program Files (x86)\Microsoft SQL Server\150\DTS\Binn\;C:\Program Files\Cloudflare\Cloudflare WARP\;C:\Program Files\Java\jdk-24\bin;C:\DevTools\javafx-sdk-24.0.1\bin;C:\Program Files (x86)\Windows Kits\10\Windows Performance Toolkit\;C:\Users\Incognicat\AppData\Local\Microsoft\WindowsApps;C:\Users\Incognicat\AppData\Roaming\npm;C:\Users\Incognicat\AppData\Local\Programs\Microsoft VS Code\bin;C:\Program Files\JetBrains\IntelliJ IDEA Community Edition 2024.1.2\bin;C:\Program Files\JetBrains\IntelliJ IDEA 2024.3.4\bin;C:\Users\Incognicat\AppData\Roaming\Composer\vendor\bin;C:\Users\Incognicat\AppData\Local\Programs\cursor\resources\app\bin;C:\Program Files\Java\jdk-24\bin
JRE paths:	C:\Program Files\Java\jdk-24;C:\Program Files (x86)\Razer\ChromaBroadcast\bin;C:\Program Files\Razer\ChromaBroadcast\bin;C:\Program Files (x86)\Common Files\Intel\Shared Files\cpp\bin\Intel64;C:\WINDOWS\system32;C:\WINDOWS;C:\WINDOWS\System32\Wbem;C:\WINDOWS\System32\WindowsPowerShell\v1.0\;C:\WINDOWS\System32\OpenSSH\;C:\Program Files\nodejs\;C:\Program Files\PuTTY\;C:\WINDOWS\system32\config\systemprofile\AppData\Local\Microsoft\WindowsApps;C:\Program Files\Java\jdk-22\bin;C:\Program Files\dotnet\;C:\MinGW\bin;C:\Program Files\Git\cmd;C:\msys64\mingw64\bin;C:\Program Files\Inkscape\bin;C:\Program Files\Oracle\VirtualBox\VBoxManage.exe;C:\Program Files\Microsoft SQL Server\Client SDK\ODBC\170\Tools\Binn\;C:\Program Files (x86)\Microsoft SQL Server\150\Tools\Binn\;C:\Program Files\Microsoft SQL Server\150\Tools\Binn\;C:\Program Files\Microsoft SQL Server\150\DTS\Binn\;C:\Program Files (x86)\Microsoft SQL Server\160\DTS\Binn\;C:\xampp\php;C:\composer;c:\Users\Incognicat\AppData\Local\Programs\cursor\resources\app\bin;C:\Program Files\Tailscale\;C:\WINDOWS\system32;C:\WINDOWS;C:\WINDOWS\System32\Wbem;C:\WINDOWS\System32\WindowsPowerShell\v1.0\;C:\WINDOWS\System32\OpenSSH\;C:\Program Files (x86)\Microsoft SQL Server\150\DTS\Binn\;C:\Program Files\Cloudflare\Cloudflare WARP\;C:\Program Files\Java\jdk-24\bin;C:\DevTools\javafx-sdk-24.0.1\bin;C:\Program Files (x86)\Windows Kits\10\Windows Performance Toolkit\;C:\Users\Incognicat\AppData\Local\Microsoft\WindowsApps;C:\Users\Incognicat\AppData\Roaming\npm;C:\Users\Incognicat\AppData\Local\Programs\Microsoft VS Code\bin;C:\Program Files\JetBrains\IntelliJ IDEA Community Edition 2024.1.2\bin;C:\Program Files\JetBrains\IntelliJ IDEA 2024.3.4\bin;C:\Users\Incognicat\AppData\Roaming\Composer\vendor\bin;C:\Users\Incognicat\AppData\Local\Programs\cursor\resources\app\bin;C:\Program Files\Java\jdk-24\bin
Check launcher:	C:\Program Files\Java\jdk-24\bin\javaw.exe (OK)
Version string: 1.024.000_001 / 64-Bit (Ignore)
Check launcher:	C:\Program Files (x86)\Razer\ChromaBroadcast\bin\javaw.exe (not found)
Check launcher:	C:\Program Files\Razer\ChromaBroadcast\bin\javaw.exe (not found)
Check launcher:	C:\Program Files (x86)\Common Files\Intel\Shared Files\cpp\bin\Intel64\bin\javaw.exe (not found)
Check launcher:	C:\WINDOWS\system32\bin\javaw.exe (not found)
Check launcher:	C:\WINDOWS\bin\javaw.exe (not found)
Check launcher:	C:\WINDOWS\System32\Wbem\bin\javaw.exe (not found)
Check launcher:	C:\WINDOWS\System32\WindowsPowerShell\v1.0\bin\javaw.exe (not found)
Check launcher:	C:\WINDOWS\System32\OpenSSH\bin\javaw.exe (not found)
Check launcher:	C:\Program Files\nodejs\bin\javaw.exe (not found)
Check launcher:	C:\Program Files\PuTTY\bin\javaw.exe (not found)
Check launcher:	C:\WINDOWS\system32\config\systemprofile\AppData\Local\Microsoft\WindowsApps\bin\javaw.exe (not found)
Check launcher:	C:\Program Files\Java\jdk-22\bin\javaw.exe (not found)
Check launcher:	C:\Program Files\dotnet\bin\javaw.exe (not found)
Check launcher:	C:\MinGW\bin\javaw.exe (not found)
Check launcher:	C:\Program Files\Git\cmd\bin\javaw.exe (not found)
Check launcher:	C:\msys64\mingw64\bin\javaw.exe (not found)
Check launcher:	C:\Program Files\Inkscape\bin\javaw.exe (not found)
Check launcher:	C:\Program Files\Oracle\VirtualBox\VBoxManage.exe\bin\javaw.exe (not found)
Check launcher:	C:\Program Files\Microsoft SQL Server\Client SDK\ODBC\170\Tools\Binn\bin\javaw.exe (not found)
Check launcher:	C:\Program Files (x86)\Microsoft SQL Server\150\Tools\Binn\bin\javaw.exe (not found)
Check launcher:	C:\Program Files\Microsoft SQL Server\150\Tools\Binn\bin\javaw.exe (not found)
Check launcher:	C:\Program Files\Microsoft SQL Server\150\DTS\Binn\bin\javaw.exe (not found)
Check launcher:	C:\Program Files (x86)\Microsoft SQL Server\160\DTS\Binn\bin\javaw.exe (not found)
Check launcher:	C:\xampp\php\bin\javaw.exe (not found)
Check launcher:	C:\composer\bin\javaw.exe (not found)
Check launcher:	c:\Users\Incognicat\AppData\Local\Programs\cursor\resources\app\bin\javaw.exe (not found)
Check launcher:	C:\Program Files\Tailscale\bin\javaw.exe (not found)
Check launcher:	C:\WINDOWS\system32\bin\javaw.exe (not found)
Check launcher:	C:\WINDOWS\bin\javaw.exe (not found)
Check launcher:	C:\WINDOWS\System32\Wbem\bin\javaw.exe (not found)
Check launcher:	C:\WINDOWS\System32\WindowsPowerShell\v1.0\bin\javaw.exe (not found)
Check launcher:	C:\WINDOWS\System32\OpenSSH\bin\javaw.exe (not found)
Check launcher:	C:\Program Files (x86)\Microsoft SQL Server\150\DTS\Binn\bin\javaw.exe (not found)
Check launcher:	C:\Program Files\Cloudflare\Cloudflare WARP\bin\javaw.exe (not found)
Check launcher:	C:\Program Files\Java\jdk-24\bin\javaw.exe (OK)
Version string: 1.024.000_001 / 64-Bit (Ignore)
Check launcher:	C:\DevTools\javafx-sdk-24.0.1\bin\javaw.exe (not found)
Check launcher:	C:\Program Files (x86)\Windows Kits\10\Windows Performance Toolkit\bin\javaw.exe (not found)
Check launcher:	C:\Users\Incognicat\AppData\Local\Microsoft\WindowsApps\bin\javaw.exe (not found)
Check launcher:	C:\Users\Incognicat\AppData\Roaming\npm\bin\javaw.exe (not found)
Check launcher:	C:\Users\Incognicat\AppData\Local\Programs\Microsoft VS Code\bin\javaw.exe (not found)
Check launcher:	C:\Program Files\JetBrains\IntelliJ IDEA Community Edition 2024.1.2\bin\javaw.exe (not found)
Check launcher:	C:\Program Files\JetBrains\IntelliJ IDEA 2024.3.4\bin\javaw.exe (not found)
Check launcher:	C:\Users\Incognicat\AppData\Roaming\Composer\vendor\bin\javaw.exe (not found)
Check launcher:	C:\Users\Incognicat\AppData\Local\Programs\cursor\resources\app\bin\javaw.exe (not found)
Check launcher:	C:\Program Files\Java\jdk-24\bin\javaw.exe (OK)
Version string: 1.024.000_001 / 64-Bit (Ignore)
64-bit search:	SOFTWARE\JavaSoft\Java Runtime Environment...
32-bit search:	SOFTWARE\JavaSoft\Java Runtime Environment...
64-bit search:	SOFTWARE\JavaSoft\Java Development Kit...
32-bit search:	SOFTWARE\JavaSoft\Java Development Kit...
64-bit search:	SOFTWARE\JavaSoft\JRE...
32-bit search:	SOFTWARE\JavaSoft\JRE...
64-bit search:	SOFTWARE\JavaSoft\JDK...
Check:		SOFTWARE\JavaSoft\JDK\22.0.1
Version string: 1.022.000_001 / 64-Bit (OK)
Check launcher:	C:\Program Files\Java\jdk-22\bin\javaw.exe (not found)
Ignore:		1.022.000_001
Check:		SOFTWARE\JavaSoft\JDK\24.0.1
Version string: 1.024.000_001 / 64-Bit (Ignore)
Ignore:		1.024.000_001
32-bit search:	SOFTWARE\JavaSoft\JDK...
64-bit search:	SOFTWARE\IBM\Java Runtime Environment...
32-bit search:	SOFTWARE\IBM\Java Runtime Environment...
64-bit search:	SOFTWARE\IBM\Java Development Kit...
32-bit search:	SOFTWARE\IBM\Java Development Kit...
64-bit search:	SOFTWARE\IBM\Java2 Runtime Environment...
32-bit search:	SOFTWARE\IBM\Java2 Runtime Environment...
64-bit search:	SOFTWARE\IBM\Java Development Kit...
32-bit search:	SOFTWARE\IBM\Java Development Kit...
Error msg:	This application requires a Java Runtime Environment 1.8 - 24
The registry refers to a nonexistent Java Runtime Environment installation or the runtime is corrupted.


Version:	3.50
CmdLine:	E:\A Kuliah COy\OneDrive - Politeknik Astra\A Semester II 24-25\Struktur Data\Proyek-VisualNovel-24Hours\Visual-Novel-Game\24Hours.exe --l4j-debug
JNI:		No
WOW64:		Yes
Working dir:	E:\A Kuliah COy\OneDrive - Politeknik Astra\A Semester II 24-25\Struktur Data\Proyek-VisualNovel-24Hours\Visual-Novel-Game\.
Requires JDK:	No
Requires 64-Bit: No
Java min ver:	1.008.000
Java max ver:	1.024.000
Substitute:	JAVA_HOME = C:\Program Files\Java\jdk-24
Substitute:	PATH = C:\Program Files (x86)\Razer\ChromaBroadcast\bin;C:\Program Files\Razer\ChromaBroadcast\bin;C:\Program Files (x86)\Common Files\Intel\Shared Files\cpp\bin\Intel64;C:\WINDOWS\system32;C:\WINDOWS;C:\WINDOWS\System32\Wbem;C:\WINDOWS\System32\WindowsPowerShell\v1.0\;C:\WINDOWS\System32\OpenSSH\;C:\Program Files\nodejs\;C:\Program Files\PuTTY\;C:\WINDOWS\system32\config\systemprofile\AppData\Local\Microsoft\WindowsApps;C:\Program Files\Java\jdk-22\bin;C:\Program Files\dotnet\;C:\MinGW\bin;C:\Program Files\Git\cmd;C:\msys64\mingw64\bin;C:\Program Files\Inkscape\bin;C:\Program Files\Oracle\VirtualBox\VBoxManage.exe;C:\Program Files\Microsoft SQL Server\Client SDK\ODBC\170\Tools\Binn\;C:\Program Files (x86)\Microsoft SQL Server\150\Tools\Binn\;C:\Program Files\Microsoft SQL Server\150\Tools\Binn\;C:\Program Files\Microsoft SQL Server\150\DTS\Binn\;C:\Program Files (x86)\Microsoft SQL Server\160\DTS\Binn\;C:\xampp\php;C:\composer;c:\Users\Incognicat\AppData\Local\Programs\cursor\resources\app\bin;C:\Program Files\Tailscale\;C:\WINDOWS\system32;C:\WINDOWS;C:\WINDOWS\System32\Wbem;C:\WINDOWS\System32\WindowsPowerShell\v1.0\;C:\WINDOWS\System32\OpenSSH\;C:\Program Files (x86)\Microsoft SQL Server\150\DTS\Binn\;C:\Program Files\Cloudflare\Cloudflare WARP\;C:\Program Files\Java\jdk-24\bin;C:\DevTools\javafx-sdk-24.0.1\bin;C:\Program Files (x86)\Windows Kits\10\Windows Performance Toolkit\;C:\Users\Incognicat\AppData\Local\Microsoft\WindowsApps;C:\Users\Incognicat\AppData\Roaming\npm;C:\Users\Incognicat\AppData\Local\Programs\Microsoft VS Code\bin;C:\Program Files\JetBrains\IntelliJ IDEA Community Edition 2024.1.2\bin;C:\Program Files\JetBrains\IntelliJ IDEA 2024.3.4\bin;C:\Users\Incognicat\AppData\Roaming\Composer\vendor\bin;C:\Users\Incognicat\AppData\Local\Programs\cursor\resources\app\bin;C:\Program Files\Java\jdk-24\bin
JRE paths:	C:\Program Files\Java\jdk-24;C:\Program Files (x86)\Razer\ChromaBroadcast\bin;C:\Program Files\Razer\ChromaBroadcast\bin;C:\Program Files (x86)\Common Files\Intel\Shared Files\cpp\bin\Intel64;C:\WINDOWS\system32;C:\WINDOWS;C:\WINDOWS\System32\Wbem;C:\WINDOWS\System32\WindowsPowerShell\v1.0\;C:\WINDOWS\System32\OpenSSH\;C:\Program Files\nodejs\;C:\Program Files\PuTTY\;C:\WINDOWS\system32\config\systemprofile\AppData\Local\Microsoft\WindowsApps;C:\Program Files\Java\jdk-22\bin;C:\Program Files\dotnet\;C:\MinGW\bin;C:\Program Files\Git\cmd;C:\msys64\mingw64\bin;C:\Program Files\Inkscape\bin;C:\Program Files\Oracle\VirtualBox\VBoxManage.exe;C:\Program Files\Microsoft SQL Server\Client SDK\ODBC\170\Tools\Binn\;C:\Program Files (x86)\Microsoft SQL Server\150\Tools\Binn\;C:\Program Files\Microsoft SQL Server\150\Tools\Binn\;C:\Program Files\Microsoft SQL Server\150\DTS\Binn\;C:\Program Files (x86)\Microsoft SQL Server\160\DTS\Binn\;C:\xampp\php;C:\composer;c:\Users\Incognicat\AppData\Local\Programs\cursor\resources\app\bin;C:\Program Files\Tailscale\;C:\WINDOWS\system32;C:\WINDOWS;C:\WINDOWS\System32\Wbem;C:\WINDOWS\System32\WindowsPowerShell\v1.0\;C:\WINDOWS\System32\OpenSSH\;C:\Program Files (x86)\Microsoft SQL Server\150\DTS\Binn\;C:\Program Files\Cloudflare\Cloudflare WARP\;C:\Program Files\Java\jdk-24\bin;C:\DevTools\javafx-sdk-24.0.1\bin;C:\Program Files (x86)\Windows Kits\10\Windows Performance Toolkit\;C:\Users\Incognicat\AppData\Local\Microsoft\WindowsApps;C:\Users\Incognicat\AppData\Roaming\npm;C:\Users\Incognicat\AppData\Local\Programs\Microsoft VS Code\bin;C:\Program Files\JetBrains\IntelliJ IDEA Community Edition 2024.1.2\bin;C:\Program Files\JetBrains\IntelliJ IDEA 2024.3.4\bin;C:\Users\Incognicat\AppData\Roaming\Composer\vendor\bin;C:\Users\Incognicat\AppData\Local\Programs\cursor\resources\app\bin;C:\Program Files\Java\jdk-24\bin
Check launcher:	C:\Program Files\Java\jdk-24\bin\javaw.exe (OK)
Version string: 1.024.000_001 / 64-Bit (Ignore)
Check launcher:	C:\Program Files (x86)\Razer\ChromaBroadcast\bin\javaw.exe (not found)
Check launcher:	C:\Program Files\Razer\ChromaBroadcast\bin\javaw.exe (not found)
Check launcher:	C:\Program Files (x86)\Common Files\Intel\Shared Files\cpp\bin\Intel64\bin\javaw.exe (not found)
Check launcher:	C:\WINDOWS\system32\bin\javaw.exe (not found)
Check launcher:	C:\WINDOWS\bin\javaw.exe (not found)
Check launcher:	C:\WINDOWS\System32\Wbem\bin\javaw.exe (not found)
Check launcher:	C:\WINDOWS\System32\WindowsPowerShell\v1.0\bin\javaw.exe (not found)
Check launcher:	C:\WINDOWS\System32\OpenSSH\bin\javaw.exe (not found)
Check launcher:	C:\Program Files\nodejs\bin\javaw.exe (not found)
Check launcher:	C:\Program Files\PuTTY\bin\javaw.exe (not found)
Check launcher:	C:\WINDOWS\system32\config\systemprofile\AppData\Local\Microsoft\WindowsApps\bin\javaw.exe (not found)
Check launcher:	C:\Program Files\Java\jdk-22\bin\javaw.exe (not found)
Check launcher:	C:\Program Files\dotnet\bin\javaw.exe (not found)
Check launcher:	C:\MinGW\bin\javaw.exe (not found)
Check launcher:	C:\Program Files\Git\cmd\bin\javaw.exe (not found)
Check launcher:	C:\msys64\mingw64\bin\javaw.exe (not found)
Check launcher:	C:\Program Files\Inkscape\bin\javaw.exe (not found)
Check launcher:	C:\Program Files\Oracle\VirtualBox\VBoxManage.exe\bin\javaw.exe (not found)
Check launcher:	C:\Program Files\Microsoft SQL Server\Client SDK\ODBC\170\Tools\Binn\bin\javaw.exe (not found)
Check launcher:	C:\Program Files (x86)\Microsoft SQL Server\150\Tools\Binn\bin\javaw.exe (not found)
Check launcher:	C:\Program Files\Microsoft SQL Server\150\Tools\Binn\bin\javaw.exe (not found)
Check launcher:	C:\Program Files\Microsoft SQL Server\150\DTS\Binn\bin\javaw.exe (not found)
Check launcher:	C:\Program Files (x86)\Microsoft SQL Server\160\DTS\Binn\bin\javaw.exe (not found)
Check launcher:	C:\xampp\php\bin\javaw.exe (not found)
Check launcher:	C:\composer\bin\javaw.exe (not found)
Check launcher:	c:\Users\Incognicat\AppData\Local\Programs\cursor\resources\app\bin\javaw.exe (not found)
Check launcher:	C:\Program Files\Tailscale\bin\javaw.exe (not found)
Check launcher:	C:\WINDOWS\system32\bin\javaw.exe (not found)
Check launcher:	C:\WINDOWS\bin\javaw.exe (not found)
Check launcher:	C:\WINDOWS\System32\Wbem\bin\javaw.exe (not found)
Check launcher:	C:\WINDOWS\System32\WindowsPowerShell\v1.0\bin\javaw.exe (not found)
Check launcher:	C:\WINDOWS\System32\OpenSSH\bin\javaw.exe (not found)
Check launcher:	C:\Program Files (x86)\Microsoft SQL Server\150\DTS\Binn\bin\javaw.exe (not found)
Check launcher:	C:\Program Files\Cloudflare\Cloudflare WARP\bin\javaw.exe (not found)
Check launcher:	C:\Program Files\Java\jdk-24\bin\javaw.exe (OK)
Version string: 1.024.000_001 / 64-Bit (Ignore)
Check launcher:	C:\DevTools\javafx-sdk-24.0.1\bin\javaw.exe (not found)
Check launcher:	C:\Program Files (x86)\Windows Kits\10\Windows Performance Toolkit\bin\javaw.exe (not found)
Check launcher:	C:\Users\Incognicat\AppData\Local\Microsoft\WindowsApps\bin\javaw.exe (not found)
Check launcher:	C:\Users\Incognicat\AppData\Roaming\npm\bin\javaw.exe (not found)
Check launcher:	C:\Users\Incognicat\AppData\Local\Programs\Microsoft VS Code\bin\javaw.exe (not found)
Check launcher:	C:\Program Files\JetBrains\IntelliJ IDEA Community Edition 2024.1.2\bin\javaw.exe (not found)
Check launcher:	C:\Program Files\JetBrains\IntelliJ IDEA 2024.3.4\bin\javaw.exe (not found)
Check launcher:	C:\Users\Incognicat\AppData\Roaming\Composer\vendor\bin\javaw.exe (not found)
Check launcher:	C:\Users\Incognicat\AppData\Local\Programs\cursor\resources\app\bin\javaw.exe (not found)
Check launcher:	C:\Program Files\Java\jdk-24\bin\javaw.exe (OK)
Version string: 1.024.000_001 / 64-Bit (Ignore)
64-bit search:	SOFTWARE\JavaSoft\Java Runtime Environment...
32-bit search:	SOFTWARE\JavaSoft\Java Runtime Environment...
64-bit search:	SOFTWARE\JavaSoft\Java Development Kit...
32-bit search:	SOFTWARE\JavaSoft\Java Development Kit...
64-bit search:	SOFTWARE\JavaSoft\JRE...
32-bit search:	SOFTWARE\JavaSoft\JRE...
64-bit search:	SOFTWARE\JavaSoft\JDK...
Check:		SOFTWARE\JavaSoft\JDK\22.0.1
Version string: 1.022.000_001 / 64-Bit (OK)
Check launcher:	C:\Program Files\Java\jdk-22\bin\javaw.exe (not found)
Ignore:		1.022.000_001
Check:		SOFTWARE\JavaSoft\JDK\24.0.1
Version string: 1.024.000_001 / 64-Bit (Ignore)
Ignore:		1.024.000_001
32-bit search:	SOFTWARE\JavaSoft\JDK...
64-bit search:	SOFTWARE\IBM\Java Runtime Environment...
32-bit search:	SOFTWARE\IBM\Java Runtime Environment...
64-bit search:	SOFTWARE\IBM\Java Development Kit...
32-bit search:	SOFTWARE\IBM\Java Development Kit...
64-bit search:	SOFTWARE\IBM\Java2 Runtime Environment...
32-bit search:	SOFTWARE\IBM\Java2 Runtime Environment...
64-bit search:	SOFTWARE\IBM\Java Development Kit...
32-bit search:	SOFTWARE\IBM\Java Development Kit...
Error msg:	This application requires a Java Runtime Environment 1.8 - 24
The registry refers to a nonexistent Java Runtime Environment installation or the runtime is corrupted.


Version:	3.50
CmdLine:	E:\A Kuliah COy\OneDrive - Politeknik Astra\A Semester II 24-25\Struktur Data\Proyek-VisualNovel-24Hours\Visual-Novel-Game\24Hours.exe --l4j-debug
JNI:		No
WOW64:		Yes
Working dir:	E:\A Kuliah COy\OneDrive - Politeknik Astra\A Semester II 24-25\Struktur Data\Proyek-VisualNovel-24Hours\Visual-Novel-Game\.
Requires JDK:	No
Requires 64-Bit: No
Java min ver:	1.008.000
Java max ver:	1.024.000
Substitute:	JAVA_HOME = C:\Program Files\Java\jdk-24
Substitute:	PATH = C:\Program Files (x86)\Razer\ChromaBroadcast\bin;C:\Program Files\Razer\ChromaBroadcast\bin;C:\Program Files (x86)\Common Files\Intel\Shared Files\cpp\bin\Intel64;C:\WINDOWS\system32;C:\WINDOWS;C:\WINDOWS\System32\Wbem;C:\WINDOWS\System32\WindowsPowerShell\v1.0\;C:\WINDOWS\System32\OpenSSH\;C:\Program Files\nodejs\;C:\Program Files\PuTTY\;C:\WINDOWS\system32\config\systemprofile\AppData\Local\Microsoft\WindowsApps;C:\Program Files\Java\jdk-22\bin;C:\Program Files\dotnet\;C:\MinGW\bin;C:\Program Files\Git\cmd;C:\msys64\mingw64\bin;C:\Program Files\Inkscape\bin;C:\Program Files\Oracle\VirtualBox\VBoxManage.exe;C:\Program Files\Microsoft SQL Server\Client SDK\ODBC\170\Tools\Binn\;C:\Program Files (x86)\Microsoft SQL Server\150\Tools\Binn\;C:\Program Files\Microsoft SQL Server\150\Tools\Binn\;C:\Program Files\Microsoft SQL Server\150\DTS\Binn\;C:\Program Files (x86)\Microsoft SQL Server\160\DTS\Binn\;C:\xampp\php;C:\composer;c:\Users\Incognicat\AppData\Local\Programs\cursor\resources\app\bin;C:\Program Files\Tailscale\;C:\WINDOWS\system32;C:\WINDOWS;C:\WINDOWS\System32\Wbem;C:\WINDOWS\System32\WindowsPowerShell\v1.0\;C:\WINDOWS\System32\OpenSSH\;C:\Program Files (x86)\Microsoft SQL Server\150\DTS\Binn\;C:\Program Files\Cloudflare\Cloudflare WARP\;C:\Program Files\Java\jdk-24\bin;C:\DevTools\javafx-sdk-24.0.1\bin;C:\Program Files (x86)\Windows Kits\10\Windows Performance Toolkit\;C:\Users\Incognicat\AppData\Local\Microsoft\WindowsApps;C:\Users\Incognicat\AppData\Roaming\npm;C:\Users\Incognicat\AppData\Local\Programs\Microsoft VS Code\bin;C:\Program Files\JetBrains\IntelliJ IDEA Community Edition 2024.1.2\bin;C:\Program Files\JetBrains\IntelliJ IDEA 2024.3.4\bin;C:\Users\Incognicat\AppData\Roaming\Composer\vendor\bin;C:\Users\Incognicat\AppData\Local\Programs\cursor\resources\app\bin;C:\Program Files\Java\jdk-24\bin
JRE paths:	C:\Program Files\Java\jdk-24;C:\Program Files (x86)\Razer\ChromaBroadcast\bin;C:\Program Files\Razer\ChromaBroadcast\bin;C:\Program Files (x86)\Common Files\Intel\Shared Files\cpp\bin\Intel64;C:\WINDOWS\system32;C:\WINDOWS;C:\WINDOWS\System32\Wbem;C:\WINDOWS\System32\WindowsPowerShell\v1.0\;C:\WINDOWS\System32\OpenSSH\;C:\Program Files\nodejs\;C:\Program Files\PuTTY\;C:\WINDOWS\system32\config\systemprofile\AppData\Local\Microsoft\WindowsApps;C:\Program Files\Java\jdk-22\bin;C:\Program Files\dotnet\;C:\MinGW\bin;C:\Program Files\Git\cmd;C:\msys64\mingw64\bin;C:\Program Files\Inkscape\bin;C:\Program Files\Oracle\VirtualBox\VBoxManage.exe;C:\Program Files\Microsoft SQL Server\Client SDK\ODBC\170\Tools\Binn\;C:\Program Files (x86)\Microsoft SQL Server\150\Tools\Binn\;C:\Program Files\Microsoft SQL Server\150\Tools\Binn\;C:\Program Files\Microsoft SQL Server\150\DTS\Binn\;C:\Program Files (x86)\Microsoft SQL Server\160\DTS\Binn\;C:\xampp\php;C:\composer;c:\Users\Incognicat\AppData\Local\Programs\cursor\resources\app\bin;C:\Program Files\Tailscale\;C:\WINDOWS\system32;C:\WINDOWS;C:\WINDOWS\System32\Wbem;C:\WINDOWS\System32\WindowsPowerShell\v1.0\;C:\WINDOWS\System32\OpenSSH\;C:\Program Files (x86)\Microsoft SQL Server\150\DTS\Binn\;C:\Program Files\Cloudflare\Cloudflare WARP\;C:\Program Files\Java\jdk-24\bin;C:\DevTools\javafx-sdk-24.0.1\bin;C:\Program Files (x86)\Windows Kits\10\Windows Performance Toolkit\;C:\Users\Incognicat\AppData\Local\Microsoft\WindowsApps;C:\Users\Incognicat\AppData\Roaming\npm;C:\Users\Incognicat\AppData\Local\Programs\Microsoft VS Code\bin;C:\Program Files\JetBrains\IntelliJ IDEA Community Edition 2024.1.2\bin;C:\Program Files\JetBrains\IntelliJ IDEA 2024.3.4\bin;C:\Users\Incognicat\AppData\Roaming\Composer\vendor\bin;C:\Users\Incognicat\AppData\Local\Programs\cursor\resources\app\bin;C:\Program Files\Java\jdk-24\bin
Check launcher:	C:\Program Files\Java\jdk-24\bin\javaw.exe (OK)
Version string: 1.024.000_001 / 64-Bit (Ignore)
Check launcher:	C:\Program Files (x86)\Razer\ChromaBroadcast\bin\javaw.exe (not found)
Check launcher:	C:\Program Files\Razer\ChromaBroadcast\bin\javaw.exe (not found)
Check launcher:	C:\Program Files (x86)\Common Files\Intel\Shared Files\cpp\bin\Intel64\bin\javaw.exe (not found)
Check launcher:	C:\WINDOWS\system32\bin\javaw.exe (not found)
Check launcher:	C:\WINDOWS\bin\javaw.exe (not found)
Check launcher:	C:\WINDOWS\System32\Wbem\bin\javaw.exe (not found)
Check launcher:	C:\WINDOWS\System32\WindowsPowerShell\v1.0\bin\javaw.exe (not found)
Check launcher:	C:\WINDOWS\System32\OpenSSH\bin\javaw.exe (not found)
Check launcher:	C:\Program Files\nodejs\bin\javaw.exe (not found)
Check launcher:	C:\Program Files\PuTTY\bin\javaw.exe (not found)
Check launcher:	C:\WINDOWS\system32\config\systemprofile\AppData\Local\Microsoft\WindowsApps\bin\javaw.exe (not found)
Check launcher:	C:\Program Files\Java\jdk-22\bin\javaw.exe (not found)
Check launcher:	C:\Program Files\dotnet\bin\javaw.exe (not found)
Check launcher:	C:\MinGW\bin\javaw.exe (not found)
Check launcher:	C:\Program Files\Git\cmd\bin\javaw.exe (not found)
Check launcher:	C:\msys64\mingw64\bin\javaw.exe (not found)
Check launcher:	C:\Program Files\Inkscape\bin\javaw.exe (not found)
Check launcher:	C:\Program Files\Oracle\VirtualBox\VBoxManage.exe\bin\javaw.exe (not found)
Check launcher:	C:\Program Files\Microsoft SQL Server\Client SDK\ODBC\170\Tools\Binn\bin\javaw.exe (not found)
Check launcher:	C:\Program Files (x86)\Microsoft SQL Server\150\Tools\Binn\bin\javaw.exe (not found)
Check launcher:	C:\Program Files\Microsoft SQL Server\150\Tools\Binn\bin\javaw.exe (not found)
Check launcher:	C:\Program Files\Microsoft SQL Server\150\DTS\Binn\bin\javaw.exe (not found)
Check launcher:	C:\Program Files (x86)\Microsoft SQL Server\160\DTS\Binn\bin\javaw.exe (not found)
Check launcher:	C:\xampp\php\bin\javaw.exe (not found)
Check launcher:	C:\composer\bin\javaw.exe (not found)
Check launcher:	c:\Users\Incognicat\AppData\Local\Programs\cursor\resources\app\bin\javaw.exe (not found)
Check launcher:	C:\Program Files\Tailscale\bin\javaw.exe (not found)
Check launcher:	C:\WINDOWS\system32\bin\javaw.exe (not found)
Check launcher:	C:\WINDOWS\bin\javaw.exe (not found)
Check launcher:	C:\WINDOWS\System32\Wbem\bin\javaw.exe (not found)
Check launcher:	C:\WINDOWS\System32\WindowsPowerShell\v1.0\bin\javaw.exe (not found)
Check launcher:	C:\WINDOWS\System32\OpenSSH\bin\javaw.exe (not found)
Check launcher:	C:\Program Files (x86)\Microsoft SQL Server\150\DTS\Binn\bin\javaw.exe (not found)
Check launcher:	C:\Program Files\Cloudflare\Cloudflare WARP\bin\javaw.exe (not found)
Check launcher:	C:\Program Files\Java\jdk-24\bin\javaw.exe (OK)
Version string: 1.024.000_001 / 64-Bit (Ignore)
Check launcher:	C:\DevTools\javafx-sdk-24.0.1\bin\javaw.exe (not found)
Check launcher:	C:\Program Files (x86)\Windows Kits\10\Windows Performance Toolkit\bin\javaw.exe (not found)
Check launcher:	C:\Users\Incognicat\AppData\Local\Microsoft\WindowsApps\bin\javaw.exe (not found)
Check launcher:	C:\Users\Incognicat\AppData\Roaming\npm\bin\javaw.exe (not found)
Check launcher:	C:\Users\Incognicat\AppData\Local\Programs\Microsoft VS Code\bin\javaw.exe (not found)
Check launcher:	C:\Program Files\JetBrains\IntelliJ IDEA Community Edition 2024.1.2\bin\javaw.exe (not found)
Check launcher:	C:\Program Files\JetBrains\IntelliJ IDEA 2024.3.4\bin\javaw.exe (not found)
Check launcher:	C:\Users\Incognicat\AppData\Roaming\Composer\vendor\bin\javaw.exe (not found)
Check launcher:	C:\Users\Incognicat\AppData\Local\Programs\cursor\resources\app\bin\javaw.exe (not found)
Check launcher:	C:\Program Files\Java\jdk-24\bin\javaw.exe (OK)
Version string: 1.024.000_001 / 64-Bit (Ignore)
64-bit search:	SOFTWARE\JavaSoft\Java Runtime Environment...
32-bit search:	SOFTWARE\JavaSoft\Java Runtime Environment...
64-bit search:	SOFTWARE\JavaSoft\Java Development Kit...
32-bit search:	SOFTWARE\JavaSoft\Java Development Kit...
64-bit search:	SOFTWARE\JavaSoft\JRE...
32-bit search:	SOFTWARE\JavaSoft\JRE...
64-bit search:	SOFTWARE\JavaSoft\JDK...
Check:		SOFTWARE\JavaSoft\JDK\22.0.1
Version string: 1.022.000_001 / 64-Bit (OK)
Check launcher:	C:\Program Files\Java\jdk-22\bin\javaw.exe (not found)
Ignore:		1.022.000_001
Check:		SOFTWARE\JavaSoft\JDK\24.0.1
Version string: 1.024.000_001 / 64-Bit (Ignore)
Ignore:		1.024.000_001
32-bit search:	SOFTWARE\JavaSoft\JDK...
64-bit search:	SOFTWARE\IBM\Java Runtime Environment...
32-bit search:	SOFTWARE\IBM\Java Runtime Environment...
64-bit search:	SOFTWARE\IBM\Java Development Kit...
32-bit search:	SOFTWARE\IBM\Java Development Kit...
64-bit search:	SOFTWARE\IBM\Java2 Runtime Environment...
32-bit search:	SOFTWARE\IBM\Java2 Runtime Environment...
64-bit search:	SOFTWARE\IBM\Java Development Kit...
32-bit search:	SOFTWARE\IBM\Java Development Kit...
Error msg:	This application requires a Java Runtime Environment 1.8 - 24
The registry refers to a nonexistent Java Runtime Environment installation or the runtime is corrupted.


Version:	3.50
CmdLine:	E:\A Kuliah COy\OneDrive - Politeknik Astra\A Semester II 24-25\Struktur Data\Proyek-VisualNovel-24Hours\Visual-Novel-Game\24Hours.exe --l4j-debug
JNI:		No
WOW64:		Yes
Working dir:	E:\A Kuliah COy\OneDrive - Politeknik Astra\A Semester II 24-25\Struktur Data\Proyek-VisualNovel-24Hours\Visual-Novel-Game\.
Requires JDK:	No
Requires 64-Bit: No
Java min ver:	1.008.000
Java max ver:	1.024.000
Substitute:	JAVA_HOME = C:\Program Files\Java\jdk-24
Substitute:	PATH = C:\Program Files (x86)\Razer\ChromaBroadcast\bin;C:\Program Files\Razer\ChromaBroadcast\bin;C:\Program Files (x86)\Common Files\Intel\Shared Files\cpp\bin\Intel64;C:\WINDOWS\system32;C:\WINDOWS;C:\WINDOWS\System32\Wbem;C:\WINDOWS\System32\WindowsPowerShell\v1.0\;C:\WINDOWS\System32\OpenSSH\;C:\Program Files\nodejs\;C:\Program Files\PuTTY\;C:\WINDOWS\system32\config\systemprofile\AppData\Local\Microsoft\WindowsApps;C:\Program Files\Java\jdk-22\bin;C:\Program Files\dotnet\;C:\MinGW\bin;C:\Program Files\Git\cmd;C:\msys64\mingw64\bin;C:\Program Files\Inkscape\bin;C:\Program Files\Oracle\VirtualBox\VBoxManage.exe;C:\Program Files\Microsoft SQL Server\Client SDK\ODBC\170\Tools\Binn\;C:\Program Files (x86)\Microsoft SQL Server\150\Tools\Binn\;C:\Program Files\Microsoft SQL Server\150\Tools\Binn\;C:\Program Files\Microsoft SQL Server\150\DTS\Binn\;C:\Program Files (x86)\Microsoft SQL Server\160\DTS\Binn\;C:\xampp\php;C:\composer;c:\Users\Incognicat\AppData\Local\Programs\cursor\resources\app\bin;C:\Program Files\Tailscale\;C:\WINDOWS\system32;C:\WINDOWS;C:\WINDOWS\System32\Wbem;C:\WINDOWS\System32\WindowsPowerShell\v1.0\;C:\WINDOWS\System32\OpenSSH\;C:\Program Files (x86)\Microsoft SQL Server\150\DTS\Binn\;C:\Program Files\Cloudflare\Cloudflare WARP\;C:\Program Files\Java\jdk-24\bin;C:\DevTools\javafx-sdk-24.0.1\bin;C:\Program Files (x86)\Windows Kits\10\Windows Performance Toolkit\;C:\Users\Incognicat\AppData\Local\Microsoft\WindowsApps;C:\Users\Incognicat\AppData\Roaming\npm;C:\Users\Incognicat\AppData\Local\Programs\Microsoft VS Code\bin;C:\Program Files\JetBrains\IntelliJ IDEA Community Edition 2024.1.2\bin;C:\Program Files\JetBrains\IntelliJ IDEA 2024.3.4\bin;C:\Users\Incognicat\AppData\Roaming\Composer\vendor\bin;C:\Users\Incognicat\AppData\Local\Programs\cursor\resources\app\bin;C:\Program Files\Java\jdk-24\bin
JRE paths:	C:\Program Files\Java\jdk-24;C:\Program Files (x86)\Razer\ChromaBroadcast\bin;C:\Program Files\Razer\ChromaBroadcast\bin;C:\Program Files (x86)\Common Files\Intel\Shared Files\cpp\bin\Intel64;C:\WINDOWS\system32;C:\WINDOWS;C:\WINDOWS\System32\Wbem;C:\WINDOWS\System32\WindowsPowerShell\v1.0\;C:\WINDOWS\System32\OpenSSH\;C:\Program Files\nodejs\;C:\Program Files\PuTTY\;C:\WINDOWS\system32\config\systemprofile\AppData\Local\Microsoft\WindowsApps;C:\Program Files\Java\jdk-22\bin;C:\Program Files\dotnet\;C:\MinGW\bin;C:\Program Files\Git\cmd;C:\msys64\mingw64\bin;C:\Program Files\Inkscape\bin;C:\Program Files\Oracle\VirtualBox\VBoxManage.exe;C:\Program Files\Microsoft SQL Server\Client SDK\ODBC\170\Tools\Binn\;C:\Program Files (x86)\Microsoft SQL Server\150\Tools\Binn\;C:\Program Files\Microsoft SQL Server\150\Tools\Binn\;C:\Program Files\Microsoft SQL Server\150\DTS\Binn\;C:\Program Files (x86)\Microsoft SQL Server\160\DTS\Binn\;C:\xampp\php;C:\composer;c:\Users\Incognicat\AppData\Local\Programs\cursor\resources\app\bin;C:\Program Files\Tailscale\;C:\WINDOWS\system32;C:\WINDOWS;C:\WINDOWS\System32\Wbem;C:\WINDOWS\System32\WindowsPowerShell\v1.0\;C:\WINDOWS\System32\OpenSSH\;C:\Program Files (x86)\Microsoft SQL Server\150\DTS\Binn\;C:\Program Files\Cloudflare\Cloudflare WARP\;C:\Program Files\Java\jdk-24\bin;C:\DevTools\javafx-sdk-24.0.1\bin;C:\Program Files (x86)\Windows Kits\10\Windows Performance Toolkit\;C:\Users\Incognicat\AppData\Local\Microsoft\WindowsApps;C:\Users\Incognicat\AppData\Roaming\npm;C:\Users\Incognicat\AppData\Local\Programs\Microsoft VS Code\bin;C:\Program Files\JetBrains\IntelliJ IDEA Community Edition 2024.1.2\bin;C:\Program Files\JetBrains\IntelliJ IDEA 2024.3.4\bin;C:\Users\Incognicat\AppData\Roaming\Composer\vendor\bin;C:\Users\Incognicat\AppData\Local\Programs\cursor\resources\app\bin;C:\Program Files\Java\jdk-24\bin
Check launcher:	C:\Program Files\Java\jdk-24\bin\javaw.exe (OK)
Version string: 1.024.000_001 / 64-Bit (Ignore)
Check launcher:	C:\Program Files (x86)\Razer\ChromaBroadcast\bin\javaw.exe (not found)
Check launcher:	C:\Program Files\Razer\ChromaBroadcast\bin\javaw.exe (not found)
Check launcher:	C:\Program Files (x86)\Common Files\Intel\Shared Files\cpp\bin\Intel64\bin\javaw.exe (not found)
Check launcher:	C:\WINDOWS\system32\bin\javaw.exe (not found)
Check launcher:	C:\WINDOWS\bin\javaw.exe (not found)
Check launcher:	C:\WINDOWS\System32\Wbem\bin\javaw.exe (not found)
Check launcher:	C:\WINDOWS\System32\WindowsPowerShell\v1.0\bin\javaw.exe (not found)
Check launcher:	C:\WINDOWS\System32\OpenSSH\bin\javaw.exe (not found)
Check launcher:	C:\Program Files\nodejs\bin\javaw.exe (not found)
Check launcher:	C:\Program Files\PuTTY\bin\javaw.exe (not found)
Check launcher:	C:\WINDOWS\system32\config\systemprofile\AppData\Local\Microsoft\WindowsApps\bin\javaw.exe (not found)
Check launcher:	C:\Program Files\Java\jdk-22\bin\javaw.exe (not found)
Check launcher:	C:\Program Files\dotnet\bin\javaw.exe (not found)
Check launcher:	C:\MinGW\bin\javaw.exe (not found)
Check launcher:	C:\Program Files\Git\cmd\bin\javaw.exe (not found)
Check launcher:	C:\msys64\mingw64\bin\javaw.exe (not found)
Check launcher:	C:\Program Files\Inkscape\bin\javaw.exe (not found)
Check launcher:	C:\Program Files\Oracle\VirtualBox\VBoxManage.exe\bin\javaw.exe (not found)
Check launcher:	C:\Program Files\Microsoft SQL Server\Client SDK\ODBC\170\Tools\Binn\bin\javaw.exe (not found)
Check launcher:	C:\Program Files (x86)\Microsoft SQL Server\150\Tools\Binn\bin\javaw.exe (not found)
Check launcher:	C:\Program Files\Microsoft SQL Server\150\Tools\Binn\bin\javaw.exe (not found)
Check launcher:	C:\Program Files\Microsoft SQL Server\150\DTS\Binn\bin\javaw.exe (not found)
Check launcher:	C:\Program Files (x86)\Microsoft SQL Server\160\DTS\Binn\bin\javaw.exe (not found)
Check launcher:	C:\xampp\php\bin\javaw.exe (not found)
Check launcher:	C:\composer\bin\javaw.exe (not found)
Check launcher:	c:\Users\Incognicat\AppData\Local\Programs\cursor\resources\app\bin\javaw.exe (not found)
Check launcher:	C:\Program Files\Tailscale\bin\javaw.exe (not found)
Check launcher:	C:\WINDOWS\system32\bin\javaw.exe (not found)
Check launcher:	C:\WINDOWS\bin\javaw.exe (not found)
Check launcher:	C:\WINDOWS\System32\Wbem\bin\javaw.exe (not found)
Check launcher:	C:\WINDOWS\System32\WindowsPowerShell\v1.0\bin\javaw.exe (not found)
Check launcher:	C:\WINDOWS\System32\OpenSSH\bin\javaw.exe (not found)
Check launcher:	C:\Program Files (x86)\Microsoft SQL Server\150\DTS\Binn\bin\javaw.exe (not found)
Check launcher:	C:\Program Files\Cloudflare\Cloudflare WARP\bin\javaw.exe (not found)
Check launcher:	C:\Program Files\Java\jdk-24\bin\javaw.exe (OK)
Version string: 1.024.000_001 / 64-Bit (Ignore)
Check launcher:	C:\DevTools\javafx-sdk-24.0.1\bin\javaw.exe (not found)
Check launcher:	C:\Program Files (x86)\Windows Kits\10\Windows Performance Toolkit\bin\javaw.exe (not found)
Check launcher:	C:\Users\Incognicat\AppData\Local\Microsoft\WindowsApps\bin\javaw.exe (not found)
Check launcher:	C:\Users\Incognicat\AppData\Roaming\npm\bin\javaw.exe (not found)
Check launcher:	C:\Users\Incognicat\AppData\Local\Programs\Microsoft VS Code\bin\javaw.exe (not found)
Check launcher:	C:\Program Files\JetBrains\IntelliJ IDEA Community Edition 2024.1.2\bin\javaw.exe (not found)
Check launcher:	C:\Program Files\JetBrains\IntelliJ IDEA 2024.3.4\bin\javaw.exe (not found)
Check launcher:	C:\Users\Incognicat\AppData\Roaming\Composer\vendor\bin\javaw.exe (not found)
Check launcher:	C:\Users\Incognicat\AppData\Local\Programs\cursor\resources\app\bin\javaw.exe (not found)
Check launcher:	C:\Program Files\Java\jdk-24\bin\javaw.exe (OK)
Version string: 1.024.000_001 / 64-Bit (Ignore)
64-bit search:	SOFTWARE\JavaSoft\Java Runtime Environment...
32-bit search:	SOFTWARE\JavaSoft\Java Runtime Environment...
64-bit search:	SOFTWARE\JavaSoft\Java Development Kit...
32-bit search:	SOFTWARE\JavaSoft\Java Development Kit...
64-bit search:	SOFTWARE\JavaSoft\JRE...
32-bit search:	SOFTWARE\JavaSoft\JRE...
64-bit search:	SOFTWARE\JavaSoft\JDK...
Check:		SOFTWARE\JavaSoft\JDK\22.0.1
Version string: 1.022.000_001 / 64-Bit (OK)
Check launcher:	C:\Program Files\Java\jdk-22\bin\javaw.exe (not found)
Ignore:		1.022.000_001
Check:		SOFTWARE\JavaSoft\JDK\24.0.1
Version string: 1.024.000_001 / 64-Bit (Ignore)
Ignore:		1.024.000_001
32-bit search:	SOFTWARE\JavaSoft\JDK...
64-bit search:	SOFTWARE\IBM\Java Runtime Environment...
32-bit search:	SOFTWARE\IBM\Java Runtime Environment...
64-bit search:	SOFTWARE\IBM\Java Development Kit...
32-bit search:	SOFTWARE\IBM\Java Development Kit...
64-bit search:	SOFTWARE\IBM\Java2 Runtime Environment...
32-bit search:	SOFTWARE\IBM\Java2 Runtime Environment...
64-bit search:	SOFTWARE\IBM\Java Development Kit...
32-bit search:	SOFTWARE\IBM\Java Development Kit...
Error msg:	This application requires a Java Runtime Environment 1.8 - 24
The registry refers to a nonexistent Java Runtime Environment installation or the runtime is corrupted.


Version:	3.50
CmdLine:	E:\A Kuliah COy\OneDrive - Politeknik Astra\A Semester II 24-25\Struktur Data\Proyek-VisualNovel-24Hours\Visual-Novel-Game\24Hours.exe --l4j-debug
JNI:		No
WOW64:		Yes
Working dir:	E:\A Kuliah COy\OneDrive - Politeknik Astra\A Semester II 24-25\Struktur Data\Proyek-VisualNovel-24Hours\Visual-Novel-Game\.
Requires JDK:	No
Requires 64-Bit: No
Java min ver:	1.008.000
Java max ver:	1.024.000
Substitute:	JAVA_HOME = C:\Program Files\Java\jdk-24
Substitute:	PATH = C:\Program Files (x86)\Razer\ChromaBroadcast\bin;C:\Program Files\Razer\ChromaBroadcast\bin;C:\Program Files (x86)\Common Files\Intel\Shared Files\cpp\bin\Intel64;C:\WINDOWS\system32;C:\WINDOWS;C:\WINDOWS\System32\Wbem;C:\WINDOWS\System32\WindowsPowerShell\v1.0\;C:\WINDOWS\System32\OpenSSH\;C:\Program Files\nodejs\;C:\Program Files\PuTTY\;C:\WINDOWS\system32\config\systemprofile\AppData\Local\Microsoft\WindowsApps;C:\Program Files\Java\jdk-22\bin;C:\Program Files\dotnet\;C:\MinGW\bin;C:\Program Files\Git\cmd;C:\msys64\mingw64\bin;C:\Program Files\Inkscape\bin;C:\Program Files\Oracle\VirtualBox\VBoxManage.exe;C:\Program Files\Microsoft SQL Server\Client SDK\ODBC\170\Tools\Binn\;C:\Program Files (x86)\Microsoft SQL Server\150\Tools\Binn\;C:\Program Files\Microsoft SQL Server\150\Tools\Binn\;C:\Program Files\Microsoft SQL Server\150\DTS\Binn\;C:\Program Files (x86)\Microsoft SQL Server\160\DTS\Binn\;C:\xampp\php;C:\composer;c:\Users\Incognicat\AppData\Local\Programs\cursor\resources\app\bin;C:\Program Files\Tailscale\;C:\WINDOWS\system32;C:\WINDOWS;C:\WINDOWS\System32\Wbem;C:\WINDOWS\System32\WindowsPowerShell\v1.0\;C:\WINDOWS\System32\OpenSSH\;C:\Program Files (x86)\Microsoft SQL Server\150\DTS\Binn\;C:\Program Files\Cloudflare\Cloudflare WARP\;C:\Program Files\Java\jdk-24\bin;C:\DevTools\javafx-sdk-24.0.1\bin;C:\Program Files (x86)\Windows Kits\10\Windows Performance Toolkit\;C:\Users\Incognicat\AppData\Local\Microsoft\WindowsApps;C:\Users\Incognicat\AppData\Roaming\npm;C:\Users\Incognicat\AppData\Local\Programs\Microsoft VS Code\bin;C:\Program Files\JetBrains\IntelliJ IDEA Community Edition 2024.1.2\bin;C:\Program Files\JetBrains\IntelliJ IDEA 2024.3.4\bin;C:\Users\Incognicat\AppData\Roaming\Composer\vendor\bin;C:\Users\Incognicat\AppData\Local\Programs\cursor\resources\app\bin;C:\Program Files\Java\jdk-24\bin
JRE paths:	C:\Program Files\Java\jdk-24;C:\Program Files (x86)\Razer\ChromaBroadcast\bin;C:\Program Files\Razer\ChromaBroadcast\bin;C:\Program Files (x86)\Common Files\Intel\Shared Files\cpp\bin\Intel64;C:\WINDOWS\system32;C:\WINDOWS;C:\WINDOWS\System32\Wbem;C:\WINDOWS\System32\WindowsPowerShell\v1.0\;C:\WINDOWS\System32\OpenSSH\;C:\Program Files\nodejs\;C:\Program Files\PuTTY\;C:\WINDOWS\system32\config\systemprofile\AppData\Local\Microsoft\WindowsApps;C:\Program Files\Java\jdk-22\bin;C:\Program Files\dotnet\;C:\MinGW\bin;C:\Program Files\Git\cmd;C:\msys64\mingw64\bin;C:\Program Files\Inkscape\bin;C:\Program Files\Oracle\VirtualBox\VBoxManage.exe;C:\Program Files\Microsoft SQL Server\Client SDK\ODBC\170\Tools\Binn\;C:\Program Files (x86)\Microsoft SQL Server\150\Tools\Binn\;C:\Program Files\Microsoft SQL Server\150\Tools\Binn\;C:\Program Files\Microsoft SQL Server\150\DTS\Binn\;C:\Program Files (x86)\Microsoft SQL Server\160\DTS\Binn\;C:\xampp\php;C:\composer;c:\Users\Incognicat\AppData\Local\Programs\cursor\resources\app\bin;C:\Program Files\Tailscale\;C:\WINDOWS\system32;C:\WINDOWS;C:\WINDOWS\System32\Wbem;C:\WINDOWS\System32\WindowsPowerShell\v1.0\;C:\WINDOWS\System32\OpenSSH\;C:\Program Files (x86)\Microsoft SQL Server\150\DTS\Binn\;C:\Program Files\Cloudflare\Cloudflare WARP\;C:\Program Files\Java\jdk-24\bin;C:\DevTools\javafx-sdk-24.0.1\bin;C:\Program Files (x86)\Windows Kits\10\Windows Performance Toolkit\;C:\Users\Incognicat\AppData\Local\Microsoft\WindowsApps;C:\Users\Incognicat\AppData\Roaming\npm;C:\Users\Incognicat\AppData\Local\Programs\Microsoft VS Code\bin;C:\Program Files\JetBrains\IntelliJ IDEA Community Edition 2024.1.2\bin;C:\Program Files\JetBrains\IntelliJ IDEA 2024.3.4\bin;C:\Users\Incognicat\AppData\Roaming\Composer\vendor\bin;C:\Users\Incognicat\AppData\Local\Programs\cursor\resources\app\bin;C:\Program Files\Java\jdk-24\bin
Check launcher:	C:\Program Files\Java\jdk-24\bin\javaw.exe (OK)
Version string: 1.024.000_001 / 64-Bit (Ignore)
Check launcher:	C:\Program Files (x86)\Razer\ChromaBroadcast\bin\javaw.exe (not found)
Check launcher:	C:\Program Files\Razer\ChromaBroadcast\bin\javaw.exe (not found)
Check launcher:	C:\Program Files (x86)\Common Files\Intel\Shared Files\cpp\bin\Intel64\bin\javaw.exe (not found)
Check launcher:	C:\WINDOWS\system32\bin\javaw.exe (not found)
Check launcher:	C:\WINDOWS\bin\javaw.exe (not found)
Check launcher:	C:\WINDOWS\System32\Wbem\bin\javaw.exe (not found)
Check launcher:	C:\WINDOWS\System32\WindowsPowerShell\v1.0\bin\javaw.exe (not found)
Check launcher:	C:\WINDOWS\System32\OpenSSH\bin\javaw.exe (not found)
Check launcher:	C:\Program Files\nodejs\bin\javaw.exe (not found)
Check launcher:	C:\Program Files\PuTTY\bin\javaw.exe (not found)
Check launcher:	C:\WINDOWS\system32\config\systemprofile\AppData\Local\Microsoft\WindowsApps\bin\javaw.exe (not found)
Check launcher:	C:\Program Files\Java\jdk-22\bin\javaw.exe (not found)
Check launcher:	C:\Program Files\dotnet\bin\javaw.exe (not found)
Check launcher:	C:\MinGW\bin\javaw.exe (not found)
Check launcher:	C:\Program Files\Git\cmd\bin\javaw.exe (not found)
Check launcher:	C:\msys64\mingw64\bin\javaw.exe (not found)
Check launcher:	C:\Program Files\Inkscape\bin\javaw.exe (not found)
Check launcher:	C:\Program Files\Oracle\VirtualBox\VBoxManage.exe\bin\javaw.exe (not found)
Check launcher:	C:\Program Files\Microsoft SQL Server\Client SDK\ODBC\170\Tools\Binn\bin\javaw.exe (not found)
Check launcher:	C:\Program Files (x86)\Microsoft SQL Server\150\Tools\Binn\bin\javaw.exe (not found)
Check launcher:	C:\Program Files\Microsoft SQL Server\150\Tools\Binn\bin\javaw.exe (not found)
Check launcher:	C:\Program Files\Microsoft SQL Server\150\DTS\Binn\bin\javaw.exe (not found)
Check launcher:	C:\Program Files (x86)\Microsoft SQL Server\160\DTS\Binn\bin\javaw.exe (not found)
Check launcher:	C:\xampp\php\bin\javaw.exe (not found)
Check launcher:	C:\composer\bin\javaw.exe (not found)
Check launcher:	c:\Users\Incognicat\AppData\Local\Programs\cursor\resources\app\bin\javaw.exe (not found)
Check launcher:	C:\Program Files\Tailscale\bin\javaw.exe (not found)
Check launcher:	C:\WINDOWS\system32\bin\javaw.exe (not found)
Check launcher:	C:\WINDOWS\bin\javaw.exe (not found)
Check launcher:	C:\WINDOWS\System32\Wbem\bin\javaw.exe (not found)
Check launcher:	C:\WINDOWS\System32\WindowsPowerShell\v1.0\bin\javaw.exe (not found)
Check launcher:	C:\WINDOWS\System32\OpenSSH\bin\javaw.exe (not found)
Check launcher:	C:\Program Files (x86)\Microsoft SQL Server\150\DTS\Binn\bin\javaw.exe (not found)
Check launcher:	C:\Program Files\Cloudflare\Cloudflare WARP\bin\javaw.exe (not found)
Check launcher:	C:\Program Files\Java\jdk-24\bin\javaw.exe (OK)
Version string: 1.024.000_001 / 64-Bit (Ignore)
Check launcher:	C:\DevTools\javafx-sdk-24.0.1\bin\javaw.exe (not found)
Check launcher:	C:\Program Files (x86)\Windows Kits\10\Windows Performance Toolkit\bin\javaw.exe (not found)
Check launcher:	C:\Users\Incognicat\AppData\Local\Microsoft\WindowsApps\bin\javaw.exe (not found)
Check launcher:	C:\Users\Incognicat\AppData\Roaming\npm\bin\javaw.exe (not found)
Check launcher:	C:\Users\Incognicat\AppData\Local\Programs\Microsoft VS Code\bin\javaw.exe (not found)
Check launcher:	C:\Program Files\JetBrains\IntelliJ IDEA Community Edition 2024.1.2\bin\javaw.exe (not found)
Check launcher:	C:\Program Files\JetBrains\IntelliJ IDEA 2024.3.4\bin\javaw.exe (not found)
Check launcher:	C:\Users\Incognicat\AppData\Roaming\Composer\vendor\bin\javaw.exe (not found)
Check launcher:	C:\Users\Incognicat\AppData\Local\Programs\cursor\resources\app\bin\javaw.exe (not found)
Check launcher:	C:\Program Files\Java\jdk-24\bin\javaw.exe (OK)
Version string: 1.024.000_001 / 64-Bit (Ignore)
64-bit search:	SOFTWARE\JavaSoft\Java Runtime Environment...
32-bit search:	SOFTWARE\JavaSoft\Java Runtime Environment...
64-bit search:	SOFTWARE\JavaSoft\Java Development Kit...
32-bit search:	SOFTWARE\JavaSoft\Java Development Kit...
64-bit search:	SOFTWARE\JavaSoft\JRE...
32-bit search:	SOFTWARE\JavaSoft\JRE...
64-bit search:	SOFTWARE\JavaSoft\JDK...
Check:		SOFTWARE\JavaSoft\JDK\22.0.1
Version string: 1.022.000_001 / 64-Bit (OK)
Check launcher:	C:\Program Files\Java\jdk-22\bin\javaw.exe (not found)
Ignore:		1.022.000_001
Check:		SOFTWARE\JavaSoft\JDK\24.0.1
Version string: 1.024.000_001 / 64-Bit (Ignore)
Ignore:		1.024.000_001
32-bit search:	SOFTWARE\JavaSoft\JDK...
64-bit search:	SOFTWARE\IBM\Java Runtime Environment...
32-bit search:	SOFTWARE\IBM\Java Runtime Environment...
64-bit search:	SOFTWARE\IBM\Java Development Kit...
32-bit search:	SOFTWARE\IBM\Java Development Kit...
64-bit search:	SOFTWARE\IBM\Java2 Runtime Environment...
32-bit search:	SOFTWARE\IBM\Java2 Runtime Environment...
64-bit search:	SOFTWARE\IBM\Java Development Kit...
32-bit search:	SOFTWARE\IBM\Java Development Kit...
Error msg:	This application requires a Java Runtime Environment 1.8 - 24
The registry refers to a nonexistent Java Runtime Environment installation or the runtime is corrupted.


Version:	3.50
CmdLine:	E:\A Kuliah COy\OneDrive - Politeknik Astra\A Semester II 24-25\Struktur Data\Proyek-VisualNovel-24Hours\Visual-Novel-Game\24Hours.exe --l4j-debug
JNI:		No
WOW64:		Yes
Working dir:	E:\A Kuliah COy\OneDrive - Politeknik Astra\A Semester II 24-25\Struktur Data\Proyek-VisualNovel-24Hours\Visual-Novel-Game\.
Requires JDK:	No
Requires 64-Bit: No
Java min ver:	1.008.000
Java max ver:	1.024.000
JRE paths:	E:\A Kuliah COy\OneDrive - Politeknik Astra\A Semester II 24-25\Struktur Data\Proyek-VisualNovel-24Hours\Visual-Novel-Game\custom-runtime\
Check launcher:	E:\A Kuliah COy\OneDrive - Politeknik Astra\A Semester II 24-25\Struktur Data\Proyek-VisualNovel-24Hours\Visual-Novel-Game\custom-runtime\bin\javaw.exe (OK)
Version string: 1.024.000_001 / 64-Bit (Ignore)
64-bit search:	SOFTWARE\JavaSoft\Java Runtime Environment...
Check:		SOFTWARE\JavaSoft\Java Runtime Environment\1.8
Version string: 1.008.000 / 64-Bit (OK)
Check launcher:	C:\Program Files\Java\jre1.8.0_461\bin\javaw.exe (OK)
Match:		1.008.000
Runtime used:	1.008.000 (64-bit)
Heap -Xms:	Requested 64 MB / 0%, Available: 1778 MB, Heap size: 64 MB
Heap -Xmx:	Requested 256 MB / 0%, Available: 1778 MB, Heap size: 256 MB
Launcher:	C:\Program Files\Java\jre1.8.0_461\bin\javaw.exe
Launcher args:	-Xms64m -Xmx256m -jar "E:\A Kuliah COy\OneDrive - Politeknik Astra\A Semester II 24-25\Struktur Data\Proyek-VisualNovel-24Hours\Visual-Novel-Game\24Hours.exe"
Args length:	158/32768 chars
Exit code:	0


Version:	3.50
CmdLine:	E:\A Kuliah COy\OneDrive - Politeknik Astra\A Semester II 24-25\Struktur Data\Proyek-VisualNovel-24Hours\Visual-Novel-Game\24Hours.exe --l4j-debug
JNI:		No
WOW64:		Yes
Working dir:	E:\A Kuliah COy\OneDrive - Politeknik Astra\A Semester II 24-25\Struktur Data\Proyek-VisualNovel-24Hours\Visual-Novel-Game\.
Requires JDK:	No
Requires 64-Bit: No
Java min ver:	1.008.000
Java max ver:	1.024.000
JRE paths:	'E:\A Kuliah COy\OneDrive - Politeknik Astra\A Semester II 24-25\Struktur Data\Proyek-VisualNovel-24Hours\Visual-Novel-Game\custom-runtime'
Check launcher:	E:\A Kuliah COy\OneDrive - Politeknik Astra\A Semester II 24-25\Struktur Data\Proyek-VisualNovel-24Hours\Visual-Novel-Game\'E:\A Kuliah COy\OneDrive - Politeknik Astra\A Semester II 24-25\Struktur Data\Proyek-VisualNovel-24Hours\Visual-Novel-Game\custom-runtime'\bin\javaw.exe (not found)
64-bit search:	SOFTWARE\JavaSoft\Java Runtime Environment...
Check:		SOFTWARE\JavaSoft\Java Runtime Environment\1.8
Version string: 1.008.000 / 64-Bit (OK)
Check launcher:	C:\Program Files\Java\jre1.8.0_461\bin\javaw.exe (OK)
Match:		1.008.000
Runtime used:	1.008.000 (64-bit)
Heap -Xms:	Requested 64 MB / 0%, Available: 1795 MB, Heap size: 64 MB
Heap -Xmx:	Requested 256 MB / 0%, Available: 1795 MB, Heap size: 256 MB
Launcher:	C:\Program Files\Java\jre1.8.0_461\bin\javaw.exe
Launcher args:	e'-Xms64m -Xmx256m -jar "E:\A Kuliah COy\OneDrive - Politeknik Astra\A Semester II 24-25\Struktur Data\Proyek-VisualNovel-24Hours\Visual-Novel-Game\24Hours.exe"
Args length:	160/32768 chars
Exit code:	0


Version:	3.50
CmdLine:	E:\A Kuliah COy\OneDrive - Politeknik Astra\A Semester II 24-25\Struktur Data\Proyek-VisualNovel-24Hours\Visual-Novel-Game\24Hours.exe --l4j-debug
JNI:		No
WOW64:		Yes
Working dir:	E:\A Kuliah COy\OneDrive - Politeknik Astra\A Semester II 24-25\Struktur Data\Proyek-VisualNovel-24Hours\Visual-Novel-Game\.
Requires JDK:	No
Requires 64-Bit: No
Java min ver:	1.008.000
Java max ver:	1.024.000
JRE paths:	'E:\A Kuliah COy\OneDrive - Politeknik Astra\A Semester II 24-25\Struktur Data\Proyek-VisualNovel-24Hours\Visual-Novel-Game\custom-runtime\'
Check launcher:	E:\A Kuliah COy\OneDrive - Politeknik Astra\A Semester II 24-25\Struktur Data\Proyek-VisualNovel-24Hours\Visual-Novel-Game\'E:\A Kuliah COy\OneDrive - Politeknik Astra\A Semester II 24-25\Struktur Data\Proyek-VisualNovel-24Hours\Visual-Novel-Game\custom-runtime\'\bin\javaw.exe (not found)
64-bit search:	SOFTWARE\JavaSoft\Java Runtime Environment...
Check:		SOFTWARE\JavaSoft\Java Runtime Environment\1.8
Version string: 1.008.000 / 64-Bit (OK)
Check launcher:	C:\Program Files\Java\jre1.8.0_461\bin\javaw.exe (OK)
Match:		1.008.000
Runtime used:	1.008.000 (64-bit)
Heap -Xms:	Requested 64 MB / 0%, Available: 1798 MB, Heap size: 64 MB
Heap -Xmx:	Requested 256 MB / 0%, Available: 1798 MB, Heap size: 256 MB
Launcher:	C:\Program Files\Java\jre1.8.0_461\bin\javaw.exe
Launcher args:	e\'-Xms64m -Xmx256m -jar "E:\A Kuliah COy\OneDrive - Politeknik Astra\A Semester II 24-25\Struktur Data\Proyek-VisualNovel-24Hours\Visual-Novel-Game\24Hours.exe"
Args length:	161/32768 chars
Exit code:	0


Version:	3.50
CmdLine:	E:\A Kuliah COy\OneDrive - Politeknik Astra\A Semester II 24-25\Struktur Data\Proyek-VisualNovel-24Hours\Visual-Novel-Game\24Hours.exe --l4j-debug
JNI:		No
WOW64:		Yes
Working dir:	E:\A Kuliah COy\OneDrive - Politeknik Astra\A Semester II 24-25\Struktur Data\Proyek-VisualNovel-24Hours\Visual-Novel-Game\.
Requires JDK:	No
Requires 64-Bit: No
Java min ver:	1.008.000
Java max ver:	1.024.000
JRE paths:	C:\DevTools\javafx-sdk-24.0.1\lib
Check launcher:	C:\DevTools\javafx-sdk-24.0.1\lib\bin\javaw.exe (not found)
64-bit search:	SOFTWARE\JavaSoft\Java Runtime Environment...
Check:		SOFTWARE\JavaSoft\Java Runtime Environment\1.8
Version string: 1.008.000 / 64-Bit (OK)
Check launcher:	C:\Program Files\Java\jre1.8.0_461\bin\javaw.exe (OK)
Match:		1.008.000
Runtime used:	1.008.000 (64-bit)
Heap -Xms:	Requested 64 MB / 0%, Available: 1827 MB, Heap size: 64 MB
Heap -Xmx:	Requested 256 MB / 0%, Available: 1827 MB, Heap size: 256 MB
Launcher:	C:\Program Files\Java\jre1.8.0_461\bin\javaw.exe
Launcher args:	-Xms64m -Xmx256m --module-path "C:\DevTools\javafx-sdk-24.0.1\lib" --add-modules javafx.controls,javafx.fxml,javafx.media,javafx.swing -jar "E:\A Kuliah COy\OneDrive - Politeknik Astra\A Semester II 24-25\Struktur Data\Proyek-VisualNovel-24Hours\Visual-Novel-Game\24Hours.exe"
Args length:	276/32768 chars
Exit code:	0


Version:	3.50
CmdLine:	E:\A Kuliah COy\OneDrive - Politeknik Astra\A Semester II 24-25\Struktur Data\Proyek-VisualNovel-24Hours\Visual-Novel-Game\24Hours.exe --l4j-debug
JNI:		No
WOW64:		Yes
Working dir:	E:\A Kuliah COy\OneDrive - Politeknik Astra\A Semester II 24-25\Struktur Data\Proyek-VisualNovel-24Hours\Visual-Novel-Game\.
Requires JDK:	No
Requires 64-Bit: No
Java min ver:	1.008.000
Java max ver:	1.024.000
JRE paths:	C:\DevTools\javafx-sdk-24.0.1\lib
Check launcher:	C:\DevTools\javafx-sdk-24.0.1\lib\bin\javaw.exe (not found)
64-bit search:	SOFTWARE\JavaSoft\Java Runtime Environment...
Check:		SOFTWARE\JavaSoft\Java Runtime Environment\1.8
Version string: 1.008.000 / 64-Bit (OK)
Check launcher:	C:\Program Files\Java\jre1.8.0_461\bin\javaw.exe (OK)
Match:		1.008.000
Runtime used:	1.008.000 (64-bit)
Heap -Xms:	Requested 64 MB / 0%, Available: 1425 MB, Heap size: 64 MB
Heap -Xmx:	Requested 256 MB / 0%, Available: 1425 MB, Heap size: 256 MB
Launcher:	C:\Program Files\Java\jre1.8.0_461\bin\javaw.exe
Launcher args:	-Xms64m -Xmx256m -cp "C:\DevTools\javafx-sdk-24.0.1\lib\*" --add-modules javafx.controls,javafx.fxml,javafx.media,javafx.swing -jar "E:\A Kuliah COy\OneDrive - Politeknik Astra\A Semester II 24-25\Struktur Data\Proyek-VisualNovel-24Hours\Visual-Novel-Game\24Hours.exe"
Args length:	268/32768 chars
Exit code:	0


Version:	3.50
CmdLine:	E:\A Kuliah COy\OneDrive - Politeknik Astra\A Semester II 24-25\Struktur Data\Proyek-VisualNovel-24Hours\Visual-Novel-Game\24Hours.exe --l4j-debug
JNI:		No
WOW64:		Yes
Working dir:	E:\A Kuliah COy\OneDrive - Politeknik Astra\A Semester II 24-25\Struktur Data\Proyek-VisualNovel-24Hours\Visual-Novel-Game\.
Requires JDK:	No
Requires 64-Bit: No
Java min ver:	1.008.000
Java max ver:	1.024.000
JRE paths:	C:\DevTools\javafx-sdk-24.0.1\lib
Check launcher:	C:\DevTools\javafx-sdk-24.0.1\lib\bin\javaw.exe (not found)
64-bit search:	SOFTWARE\JavaSoft\Java Runtime Environment...
Check:		SOFTWARE\JavaSoft\Java Runtime Environment\1.8
Version string: 1.008.000 / 64-Bit (OK)
Check launcher:	C:\Program Files\Java\jre1.8.0_461\bin\javaw.exe (OK)
Match:		1.008.000
Runtime used:	1.008.000 (64-bit)
Heap -Xms:	Requested 64 MB / 0%, Available: 1458 MB, Heap size: 64 MB
Heap -Xmx:	Requested 256 MB / 0%, Available: 1458 MB, Heap size: 256 MB
Launcher:	C:\Program Files\Java\jre1.8.0_461\bin\javaw.exe
Launcher args:	-Xms64m -Xmx256m -cp "C:\DevTools\javafx-sdk-24.0.1\lib\*" --add-modules javafx.controls,javafx.fxml,javafx.media,javafx.swing -jar "E:\A Kuliah COy\OneDrive - Politeknik Astra\A Semester II 24-25\Struktur Data\Proyek-VisualNovel-24Hours\Visual-Novel-Game\24Hours.exe"
Args length:	268/32768 chars
Exit code:	0


Version:	3.50
CmdLine:	E:\A Kuliah COy\OneDrive - Politeknik Astra\A Semester II 24-25\Struktur Data\Proyek-VisualNovel-24Hours\Visual-Novel-Game\24Hours.exe --l4j-debug
JNI:		No
WOW64:		Yes
Working dir:	E:\A Kuliah COy\OneDrive - Politeknik Astra\A Semester II 24-25\Struktur Data\Proyek-VisualNovel-24Hours\Visual-Novel-Game\.
Requires JDK:	No
Requires 64-Bit: No
Java min ver:	1.008.000
Java max ver:	1.024.000
JRE paths:	C:\DevTools\javafx-sdk-24.0.1\lib
Check launcher:	C:\DevTools\javafx-sdk-24.0.1\lib\bin\javaw.exe (not found)
64-bit search:	SOFTWARE\JavaSoft\Java Runtime Environment...
Check:		SOFTWARE\JavaSoft\Java Runtime Environment\1.8
Version string: 1.008.000 / 64-Bit (OK)
Check launcher:	C:\Program Files\Java\jre1.8.0_461\bin\javaw.exe (OK)
Match:		1.008.000
Runtime used:	1.008.000 (64-bit)
Heap -Xms:	Requested 64 MB / 0%, Available: 1469 MB, Heap size: 64 MB
Heap -Xmx:	Requested 256 MB / 0%, Available: 1469 MB, Heap size: 256 MB
Launcher:	C:\Program Files\Java\jre1.8.0_461\bin\javaw.exe
Launcher args:	-Xms64m -Xmx256m -cp "C:\DevTools\javafx-sdk-24.0.1\lib\*" --add-modules javafx.controls,javafx.fxml,javafx.media,javafx.swing -jar "E:\A Kuliah COy\OneDrive - Politeknik Astra\A Semester II 24-25\Struktur Data\Proyek-VisualNovel-24Hours\Visual-Novel-Game\24Hours.exe"
Args length:	268/32768 chars
Exit code:	0


Version:	3.50
CmdLine:	E:\A Kuliah COy\OneDrive - Politeknik Astra\A Semester II 24-25\Struktur Data\Proyek-VisualNovel-24Hours\Visual-Novel-Game\24Hours.exe --l4j-debug
JNI:		No
WOW64:		Yes
Working dir:	E:\A Kuliah COy\OneDrive - Politeknik Astra\A Semester II 24-25\Struktur Data\Proyek-VisualNovel-24Hours\Visual-Novel-Game\.
Requires JDK:	No
Requires 64-Bit: No
Java min ver:	1.008.000
Java max ver:	1.024.000
JRE paths:	C:\DevTools\javafx-sdk-24.0.1\lib
Check launcher:	C:\DevTools\javafx-sdk-24.0.1\lib\bin\javaw.exe (not found)
64-bit search:	SOFTWARE\JavaSoft\Java Runtime Environment...
Check:		SOFTWARE\JavaSoft\Java Runtime Environment\1.8
Version string: 1.008.000 / 64-Bit (OK)
Check launcher:	C:\Program Files\Java\jre1.8.0_461\bin\javaw.exe (OK)
Match:		1.008.000
Runtime used:	1.008.000 (64-bit)
Heap -Xms:	Requested 64 MB / 0%, Available: 1478 MB, Heap size: 64 MB
Heap -Xmx:	Requested 256 MB / 0%, Available: 1478 MB, Heap size: 256 MB
Launcher:	C:\Program Files\Java\jre1.8.0_461\bin\javaw.exe
Launcher args:	-Xms64m -Xmx256m -cp "C:\DevTools\javafx-sdk-24.0.1\lib\*" --add-modules javafx.controls,javafx.fxml,javafx.media,javafx.swing -jar "E:\A Kuliah COy\OneDrive - Politeknik Astra\A Semester II 24-25\Struktur Data\Proyek-VisualNovel-24Hours\Visual-Novel-Game\24Hours.exe"
Args length:	268/32768 chars
Exit code:	0


Version:	3.50
CmdLine:	E:\A Kuliah COy\OneDrive - Politeknik Astra\A Semester II 24-25\Struktur Data\Proyek-VisualNovel-24Hours\Visual-Novel-Game\24Hours.exe --l4j-debug
JNI:		No
WOW64:		Yes
Working dir:	E:\A Kuliah COy\OneDrive - Politeknik Astra\A Semester II 24-25\Struktur Data\Proyek-VisualNovel-24Hours\Visual-Novel-Game\.
Requires JDK:	No
Requires 64-Bit: No
Java min ver:	1.008.000
Java max ver:	1.024.000
JRE paths:	C:\DevTools\javafx-sdk-24.0.1\lib
Check launcher:	C:\DevTools\javafx-sdk-24.0.1\lib\bin\javaw.exe (not found)
64-bit search:	SOFTWARE\JavaSoft\Java Runtime Environment...
Check:		SOFTWARE\JavaSoft\Java Runtime Environment\1.8
Version string: 1.008.000 / 64-Bit (OK)
Check launcher:	C:\Program Files\Java\jre1.8.0_461\bin\javaw.exe (OK)
Match:		1.008.000
Runtime used:	1.008.000 (64-bit)
Heap -Xms:	Requested 64 MB / 0%, Available: 1117 MB, Heap size: 64 MB
Heap -Xmx:	Requested 256 MB / 0%, Available: 1117 MB, Heap size: 256 MB
Launcher:	C:\Program Files\Java\jre1.8.0_461\bin\javaw.exe
Launcher args:	-Xms64m -Xmx256m -cp "C:\DevTools\javafx-sdk-24.0.1\lib\*" --add-modules javafx.controls,javafx.fxml,javafx.media,javafx.swing -jar "E:\A Kuliah COy\OneDrive - Politeknik Astra\A Semester II 24-25\Struktur Data\Proyek-VisualNovel-24Hours\Visual-Novel-Game\24Hours.exe"
Args length:	268/32768 chars
Exit code:	0


Version:	3.50
CmdLine:	E:\A Kuliah COy\OneDrive - Politeknik Astra\A Semester II 24-25\Struktur Data\Proyek-VisualNovel-24Hours\Visual-Novel-Game\24Hours.exe --l4j-debug
JNI:		No
WOW64:		Yes
Working dir:	E:\A Kuliah COy\OneDrive - Politeknik Astra\A Semester II 24-25\Struktur Data\Proyek-VisualNovel-24Hours\Visual-Novel-Game\.
Requires JDK:	No
Requires 64-Bit: No
Java min ver:	1.008.000
Java max ver:	1.024.000
JRE paths:	E:\A Kuliah COy\OneDrive - Politeknik Astra\A Semester II 24-25\Struktur Data\Proyek-VisualNovel-24Hours\Visual-Novel-Game\custom-runtime
Check launcher:	E:\A Kuliah COy\OneDrive - Politeknik Astra\A Semester II 24-25\Struktur Data\Proyek-VisualNovel-24Hours\Visual-Novel-Game\custom-runtime\bin\javaw.exe (OK)
Version string: 1.024.000_001 / 64-Bit (Ignore)
64-bit search:	SOFTWARE\JavaSoft\Java Runtime Environment...
Check:		SOFTWARE\JavaSoft\Java Runtime Environment\1.8
Version string: 1.008.000 / 64-Bit (OK)
Check launcher:	C:\Program Files\Java\jre1.8.0_461\bin\javaw.exe (OK)
Match:		1.008.000
Runtime used:	1.008.000 (64-bit)
Heap -Xms:	Requested 64 MB / 0%, Available: 1125 MB, Heap size: 64 MB
Heap -Xmx:	Requested 256 MB / 0%, Available: 1125 MB, Heap size: 256 MB
Main class:	game.Main
Info:		Classpath not defined.
Launcher:	C:\Program Files\Java\jre1.8.0_461\bin\javaw.exe
Launcher args:	-Xms64m -Xmx256m -classpath "E:\A Kuliah COy\OneDrive - Politeknik Astra\A Semester II 24-25\Struktur Data\Proyek-VisualNovel-24Hours\Visual-Novel-Game\24Hours.exe" game.Main
Args length:	174/32768 chars
Exit code:	0


Version:	3.50
CmdLine:	E:\A Kuliah COy\OneDrive - Politeknik Astra\A Semester II 24-25\Struktur Data\Proyek-VisualNovel-24Hours\Visual-Novel-Game\24Hours.exe --l4j-debug
JNI:		No
WOW64:		Yes
Working dir:	E:\A Kuliah COy\OneDrive - Politeknik Astra\A Semester II 24-25\Struktur Data\Proyek-VisualNovel-24Hours\Visual-Novel-Game\.
Requires JDK:	No
Requires 64-Bit: No
Java min ver:	1.008.000
Java max ver:	1.024.000
JRE paths:	E:\A Kuliah COy\OneDrive - Politeknik Astra\A Semester II 24-25\Struktur Data\Proyek-VisualNovel-24Hours\Visual-Novel-Game\custom-runtime
Check launcher:	E:\A Kuliah COy\OneDrive - Politeknik Astra\A Semester II 24-25\Struktur Data\Proyek-VisualNovel-24Hours\Visual-Novel-Game\custom-runtime\bin\javaw.exe (OK)
Version string: 1.024.000_001 / 64-Bit (Ignore)
64-bit search:	SOFTWARE\JavaSoft\Java Runtime Environment...
Check:		SOFTWARE\JavaSoft\Java Runtime Environment\1.8
Version string: 1.008.000 / 64-Bit (OK)
Check launcher:	C:\Program Files\Java\jre1.8.0_461\bin\javaw.exe (OK)
Match:		1.008.000
Runtime used:	1.008.000 (64-bit)
Heap -Xms:	Requested 64 MB / 0%, Available: 1177 MB, Heap size: 64 MB
Heap -Xmx:	Requested 256 MB / 0%, Available: 1177 MB, Heap size: 256 MB
Launcher:	C:\Program Files\Java\jre1.8.0_461\bin\javaw.exe
Launcher args:	-Xms64m -Xmx256m -jar "E:\A Kuliah COy\OneDrive - Politeknik Astra\A Semester II 24-25\Struktur Data\Proyek-VisualNovel-24Hours\Visual-Novel-Game\24Hours.exe"
Args length:	158/32768 chars
Exit code:	0


Version:	3.50
CmdLine:	E:\A Kuliah COy\OneDrive - Politeknik Astra\A Semester II 24-25\Struktur Data\Proyek-VisualNovel-24Hours\Visual-Novel-Game\24Hours.exe --l4j-debug
JNI:		No
WOW64:		Yes
Working dir:	E:\A Kuliah COy\OneDrive - Politeknik Astra\A Semester II 24-25\Struktur Data\Proyek-VisualNovel-24Hours\Visual-Novel-Game\.
Requires JDK:	No
Requires 64-Bit: No
Java min ver:	1.008.000
Java max ver:	1.024.000
JRE paths:	E:\A Kuliah COy\OneDrive - Politeknik Astra\A Semester II 24-25\Struktur Data\Proyek-VisualNovel-24Hours\Visual-Novel-Game\custom-runtime
Check launcher:	E:\A Kuliah COy\OneDrive - Politeknik Astra\A Semester II 24-25\Struktur Data\Proyek-VisualNovel-24Hours\Visual-Novel-Game\custom-runtime\bin\javaw.exe (OK)
Version string: 1.024.000_001 / 64-Bit (Ignore)
64-bit search:	SOFTWARE\JavaSoft\Java Runtime Environment...
Check:		SOFTWARE\JavaSoft\Java Runtime Environment\1.8
Version string: 1.008.000 / 64-Bit (OK)
Check launcher:	C:\Program Files\Java\jre1.8.0_461\bin\javaw.exe (OK)
Match:		1.008.000
Runtime used:	1.008.000 (64-bit)
Heap -Xms:	Requested 64 MB / 0%, Available: 1114 MB, Heap size: 64 MB
Heap -Xmx:	Requested 256 MB / 0%, Available: 1114 MB, Heap size: 256 MB
Launcher:	C:\Program Files\Java\jre1.8.0_461\bin\javaw.exe
Launcher args:	-Xms64m -Xmx256m -jar "E:\A Kuliah COy\OneDrive - Politeknik Astra\A Semester II 24-25\Struktur Data\Proyek-VisualNovel-24Hours\Visual-Novel-Game\24Hours.exe"
Args length:	158/32768 chars
Exit code:	0


Version:	3.50
CmdLine:	E:\A Kuliah COy\OneDrive - Politeknik Astra\A Semester II 24-25\Struktur Data\Proyek-VisualNovel-24Hours\Visual-Novel-Game\24Hours.exe --l4j-debug
JNI:		No
WOW64:		Yes
Working dir:	E:\A Kuliah COy\OneDrive - Politeknik Astra\A Semester II 24-25\Struktur Data\Proyek-VisualNovel-24Hours\Visual-Novel-Game\.
Requires JDK:	No
Requires 64-Bit: No
Java min ver:	1.008.000
Java max ver:	1.024.000
JRE paths:	E:\A Kuliah COy\OneDrive - Politeknik Astra\A Semester II 24-25\Struktur Data\Proyek-VisualNovel-24Hours\Visual-Novel-Game\custom-runtime
Check launcher:	E:\A Kuliah COy\OneDrive - Politeknik Astra\A Semester II 24-25\Struktur Data\Proyek-VisualNovel-24Hours\Visual-Novel-Game\custom-runtime\bin\javaw.exe (OK)
Version string: 1.024.000_001 / 64-Bit (Ignore)
64-bit search:	SOFTWARE\JavaSoft\Java Runtime Environment...
Check:		SOFTWARE\JavaSoft\Java Runtime Environment\1.8
Version string: 1.008.000 / 64-Bit (OK)
Check launcher:	C:\Program Files\Java\jre1.8.0_461\bin\javaw.exe (OK)
Match:		1.008.000
Runtime used:	1.008.000 (64-bit)
Heap -Xms:	Requested 64 MB / 0%, Available: 1150 MB, Heap size: 64 MB
Heap -Xmx:	Requested 256 MB / 0%, Available: 1150 MB, Heap size: 256 MB
Launcher:	C:\Program Files\Java\jre1.8.0_461\bin\javaw.exe
Launcher args:	-Xms64m -Xmx256m -jar "E:\A Kuliah COy\OneDrive - Politeknik Astra\A Semester II 24-25\Struktur Data\Proyek-VisualNovel-24Hours\Visual-Novel-Game\24Hours.exe"
Args length:	158/32768 chars
Exit code:	0


Version:	3.50
CmdLine:	E:\A Kuliah COy\OneDrive - Politeknik Astra\A Semester II 24-25\Struktur Data\Proyek-VisualNovel-24Hours\Visual-Novel-Game\24Hours.exe --l4j-debug
JNI:		No
WOW64:		Yes
Working dir:	E:\A Kuliah COy\OneDrive - Politeknik Astra\A Semester II 24-25\Struktur Data\Proyek-VisualNovel-24Hours\Visual-Novel-Game\.
Requires JDK:	No
Requires 64-Bit: No
Java min ver:	1.008.000
Java max ver:	1.024.000
JRE paths:	C:\Program Files\Java\jdk-24
Check launcher:	C:\Program Files\Java\jdk-24\bin\javaw.exe (OK)
Version string: 1.024.000_001 / 64-Bit (Ignore)
64-bit search:	SOFTWARE\JavaSoft\Java Runtime Environment...
Check:		SOFTWARE\JavaSoft\Java Runtime Environment\1.8
Version string: 1.008.000 / 64-Bit (OK)
Check launcher:	C:\Program Files\Java\jre1.8.0_461\bin\javaw.exe (OK)
Match:		1.008.000
Runtime used:	1.008.000 (64-bit)
Heap -Xms:	Requested 64 MB / 0%, Available: 572 MB, Heap size: 64 MB
Heap -Xmx:	Requested 256 MB / 0%, Available: 572 MB, Heap size: 256 MB
Launcher:	C:\Program Files\Java\jre1.8.0_461\bin\javaw.exe
Launcher args:	-Xms64m -Xmx256m --module-path "C:\DevTools\javafx-sdk-24.0.1\lib" --add-modules javafx.controls,javafx.fxml,javafx.media,javafx.swing -jar "E:\A Kuliah COy\OneDrive - Politeknik Astra\A Semester II 24-25\Struktur Data\Proyek-VisualNovel-24Hours\Visual-Novel-Game\24Hours.exe"
Args length:	276/32768 chars
Exit code:	0
